// Jest Snapshot v1, https://goo.gl/fbAQLP

exports[`Ex02 (Etat d'un composant: rendu conditionnel 2) Match the snapshot 1`] = `
<div
  className="ex02"
>
  <h1>
    Ex02 - Etat d'un composant 2
  </h1>
  <button
    onClick={[Function]}
  >
    Compter
  </button>
  <p>
    Il n'y a pas encore eu de clic
  </p>
</div>
`;
